[    1220ms] [WARNING] You are using the in-browser Babel transformer. Be sure to precompile your scripts for production - https://babeljs.io/docs/setup/ @ blob:http://localhost:3000/10471cd3-7ec1-4f5a-8f18-3c14d7da014f:2
[    1418ms] [INFO] Successfully preconnected to https://fonts.gstatic.com/ @ :0
[    1418ms] [INFO] Successfully preconnected to https://fonts.googleapis.com/ @ :0
[    1505ms] [LOG] [HMR] connected @ http://localhost:3000/_next/static/chunks/node_modules_next_dist_f3530cac._.js:2297
[    1883ms] [LOG] %c[Vercel Web Analytics]%c Debug mode is enabled by default in development. No requests will be sent to the server. color: rgb(120, 120, 120) color: inherit @ http://localhost:3000/_next/static/chunks/node_modules_next_dist_f3530cac._.js:2297
[    1883ms] [LOG] %c[Vercel Web Analytics]%c Running queued event color: rgb(120, 120, 120) color: inherit pageview {route: /journeys, path: /journeys} @ http://localhost:3000/_next/static/chunks/node_modules_next_dist_f3530cac._.js:2297
[    1884ms] [LOG] %c[Vercel Web Analytics]%c [view] http://localhost:3000/journeys color: rgb(120, 120, 120) color: inherit {o: http://localhost:3000/journeys, sv: 0.1.3, sdkn: @vercel/analytics/next, sdkv: 1.6.1, ts: 1776965874369} /_vercel/insights/view @ http://localhost:3000/_next/static/chunks/node_modules_next_dist_f3530cac._.js:2297
[    1899ms] [LOG] %c[Vercel Speed Insights]%c Debug mode is enabled by default in development. No requests will be sent to the server. color: rgb(120, 120, 120) color: inherit @ http://localhost:3000/_next/static/chunks/node_modules_next_dist_f3530cac._.js:2297
[  142353ms] [LOG] [Fast Refresh] rebuilding @ http://localhost:3000/_next/static/chunks/node_modules_next_dist_f3530cac._.js:2297
[  142374ms] [LOG] [Fast Refresh] done in 48ms @ http://localhost:3000/_next/static/chunks/node_modules_next_dist_f3530cac._.js:2297
[  177231ms] [LOG] [Fast Refresh] rebuilding @ http://localhost:3000/_next/static/chunks/node_modules_next_dist_f3530cac._.js:2297
[  177349ms] [LOG] [Fast Refresh] done in 220ms @ http://localhost:3000/_next/static/chunks/node_modules_next_dist_f3530cac._.js:2297
[  394923ms] [LOG] [Fast Refresh] rebuilding @ http://localhost:3000/_next/static/chunks/node_modules_next_dist_f3530cac._.js:2297
[  394942ms] [LOG] [Fast Refresh] done in 65ms @ http://localhost:3000/_next/static/chunks/node_modules_next_dist_f3530cac._.js:2297
[  436015ms] [LOG] [Fast Refresh] rebuilding @ http://localhost:3000/_next/static/chunks/node_modules_next_dist_f3530cac._.js:2297
[  436152ms] [LOG] [Fast Refresh] done in 238ms @ http://localhost:3000/_next/static/chunks/node_modules_next_dist_f3530cac._.js:2297
[  768306ms] [LOG] [Fast Refresh] rebuilding @ http://localhost:3000/_next/static/chunks/node_modules_next_dist_f3530cac._.js:2297
[  768328ms] [LOG] [Fast Refresh] done in 62ms @ http://localhost:3000/_next/static/chunks/node_modules_next_dist_f3530cac._.js:2297
[  826496ms] [LOG] [Fast Refresh] rebuilding @ http://localhost:3000/_next/static/chunks/node_modules_next_dist_f3530cac._.js:2297
[  826665ms] [LOG] [Fast Refresh] done in 270ms @ http://localhost:3000/_next/static/chunks/node_modules_next_dist_f3530cac._.js:2297
[ 1112657ms] [LOG] [Fast Refresh] rebuilding @ http://localhost:3000/_next/static/chunks/node_modules_next_dist_f3530cac._.js:2297
[ 1112680ms] [LOG] [Fast Refresh] done in 59ms @ http://localhost:3000/_next/static/chunks/node_modules_next_dist_f3530cac._.js:2297
[31496829ms] [LOG] [Fast Refresh] rebuilding @ http://localhost:3000/_next/static/chunks/node_modules_next_dist_f3530cac._.js:2297
[31496833ms] [LOG] [Fast Refresh] done in 182ms @ http://localhost:3000/_next/static/chunks/node_modules_next_dist_f3530cac._.js:2297
[31832325ms] [LOG] [Fast Refresh] rebuilding @ http://localhost:3000/_next/static/chunks/node_modules_next_dist_f3530cac._.js:2297
[31832389ms] [LOG] [Fast Refresh] done in 169ms @ http://localhost:3000/_next/static/chunks/node_modules_next_dist_f3530cac._.js:2297
[32210464ms] [LOG] [Fast Refresh] rebuilding @ http://localhost:3000/_next/static/chunks/node_modules_next_dist_f3530cac._.js:2297
[32210478ms] [LOG] [Fast Refresh] done in 115ms @ http://localhost:3000/_next/static/chunks/node_modules_next_dist_f3530cac._.js:2297
[33258240ms] [ERROR] WebSocket connection to 'ws://localhost:3000/_next/webpack-hmr?id=QcbmDZ91yzJ37PGj25Xr8' failed: The operation couldn’t be completed. Socket is not connected @ :0
[33259289ms] [ERROR] WebSocket connection to 'ws://localhost:3000/_next/webpack-hmr?id=QcbmDZ91yzJ37PGj25Xr8' failed: Could not connect to the server. @ :0
[33260394ms] [ERROR] WebSocket connection to 'ws://localhost:3000/_next/webpack-hmr?id=QcbmDZ91yzJ37PGj25Xr8' failed: Could not connect to the server. @ :0
[33261486ms] [ERROR] WebSocket connection to 'ws://localhost:3000/_next/webpack-hmr?id=QcbmDZ91yzJ37PGj25Xr8' failed: Could not connect to the server. @ :0
[33262586ms] [ERROR] WebSocket connection to 'ws://localhost:3000/_next/webpack-hmr?id=QcbmDZ91yzJ37PGj25Xr8' failed: Could not connect to the server. @ :0
[33263642ms] [ERROR] WebSocket connection to 'ws://localhost:3000/_next/webpack-hmr?id=QcbmDZ91yzJ37PGj25Xr8' failed: Could not connect to the server. @ :0
[33268702ms] [ERROR] WebSocket connection to 'ws://localhost:3000/_next/webpack-hmr?id=QcbmDZ91yzJ37PGj25Xr8' failed: Could not connect to the server. @ :0
[33273736ms] [ERROR] WebSocket connection to 'ws://localhost:3000/_next/webpack-hmr?id=QcbmDZ91yzJ37PGj25Xr8' failed: Could not connect to the server. @ :0
[33278827ms] [ERROR] WebSocket connection to 'ws://localhost:3000/_next/webpack-hmr?id=QcbmDZ91yzJ37PGj25Xr8' failed: Could not connect to the server. @ :0
[33283898ms] [ERROR] WebSocket connection to 'ws://localhost:3000/_next/webpack-hmr?id=QcbmDZ91yzJ37PGj25Xr8' failed: Could not connect to the server. @ :0
[33288986ms] [ERROR] WebSocket connection to 'ws://localhost:3000/_next/webpack-hmr?id=QcbmDZ91yzJ37PGj25Xr8' failed: Could not connect to the server. @ :0
[33294073ms] [ERROR] WebSocket connection to 'ws://localhost:3000/_next/webpack-hmr?id=QcbmDZ91yzJ37PGj25Xr8' failed: Could not connect to the server. @ :0
[33299111ms] [ERROR] WebSocket connection to 'ws://localhost:3000/_next/webpack-hmr?id=QcbmDZ91yzJ37PGj25Xr8' failed: Could not connect to the server. @ :0
[33299116ms] [ERROR] Failed to load resource: Could not connect to the server. @ http://localhost:3000/journeys:0
