[     725ms] [INFO] Successfully preconnected to https://fonts.googleapis.com/ @ :0
[     727ms] [WARNING] You are using the in-browser Babel transformer. Be sure to precompile your scripts for production - https://babeljs.io/docs/setup/ @ blob:http://localhost:3000/74b3a783-bf33-4731-96d7-a1af30984502:2
[     892ms] [INFO] Successfully preconnected to https://fonts.gstatic.com/ @ :0
[     976ms] [LOG] [HMR] connected @ http://localhost:3000/_next/static/chunks/node_modules_next_dist_f3530cac._.js:2297
[    1363ms] [LOG] %c[Vercel Web Analytics]%c Debug mode is enabled by default in development. No requests will be sent to the server. color: rgb(120, 120, 120) color: inherit @ http://localhost:3000/_next/static/chunks/node_modules_next_dist_f3530cac._.js:2297
[    1363ms] [LOG] %c[Vercel Web Analytics]%c Running queued event color: rgb(120, 120, 120) color: inherit pageview {route: /journeys, path: /journeys} @ http://localhost:3000/_next/static/chunks/node_modules_next_dist_f3530cac._.js:2297
[    1364ms] [LOG] %c[Vercel Web Analytics]%c [view] http://localhost:3000/journeys color: rgb(120, 120, 120) color: inherit {o: http://localhost:3000/journeys, sv: 0.1.3, sdkn: @vercel/analytics/next, sdkv: 1.6.1, ts: 1776966309665} /_vercel/insights/view @ http://localhost:3000/_next/static/chunks/node_modules_next_dist_f3530cac._.js:2297
[    1366ms] [LOG] %c[Vercel Speed Insights]%c Debug mode is enabled by default in development. No requests will be sent to the server. color: rgb(120, 120, 120) color: inherit @ http://localhost:3000/_next/static/chunks/node_modules_next_dist_f3530cac._.js:2297
[  332492ms] [LOG] [Fast Refresh] rebuilding @ http://localhost:3000/_next/static/chunks/node_modules_next_dist_f3530cac._.js:2297
[  332512ms] [LOG] [Fast Refresh] done in 63ms @ http://localhost:3000/_next/static/chunks/node_modules_next_dist_f3530cac._.js:2297
[  390681ms] [LOG] [Fast Refresh] rebuilding @ http://localhost:3000/_next/static/chunks/node_modules_next_dist_f3530cac._.js:2297
[  390849ms] [LOG] [Fast Refresh] done in 270ms @ http://localhost:3000/_next/static/chunks/node_modules_next_dist_f3530cac._.js:2297
[  676845ms] [LOG] [Fast Refresh] rebuilding @ http://localhost:3000/_next/static/chunks/node_modules_next_dist_f3530cac._.js:2297
[  676865ms] [LOG] [Fast Refresh] done in 59ms @ http://localhost:3000/_next/static/chunks/node_modules_next_dist_f3530cac._.js:2297
[31396515ms] [LOG] [Fast Refresh] rebuilding @ http://localhost:3000/_next/static/chunks/node_modules_next_dist_f3530cac._.js:2297
[31396573ms] [LOG] [Fast Refresh] done in 160ms @ http://localhost:3000/_next/static/chunks/node_modules_next_dist_f3530cac._.js:2297
[31774650ms] [LOG] [Fast Refresh] rebuilding @ http://localhost:3000/_next/static/chunks/node_modules_next_dist_f3530cac._.js:2297
[31774662ms] [LOG] [Fast Refresh] done in 113ms @ http://localhost:3000/_next/static/chunks/node_modules_next_dist_f3530cac._.js:2297
[32822470ms] [ERROR] WebSocket connection to 'ws://localhost:3000/_next/webpack-hmr?id=nGCvGpKz9qalxFOmrBbaY' failed: The operation couldn’t be completed. Socket is not connected @ :0
[32823519ms] [ERROR] WebSocket connection to 'ws://localhost:3000/_next/webpack-hmr?id=nGCvGpKz9qalxFOmrBbaY' failed: Could not connect to the server. @ :0
[32824608ms] [ERROR] WebSocket connection to 'ws://localhost:3000/_next/webpack-hmr?id=nGCvGpKz9qalxFOmrBbaY' failed: Could not connect to the server. @ :0
[32825703ms] [ERROR] WebSocket connection to 'ws://localhost:3000/_next/webpack-hmr?id=nGCvGpKz9qalxFOmrBbaY' failed: Could not connect to the server. @ :0
[32826765ms] [ERROR] WebSocket connection to 'ws://localhost:3000/_next/webpack-hmr?id=nGCvGpKz9qalxFOmrBbaY' failed: Could not connect to the server. @ :0
[32827809ms] [ERROR] WebSocket connection to 'ws://localhost:3000/_next/webpack-hmr?id=nGCvGpKz9qalxFOmrBbaY' failed: Could not connect to the server. @ :0
[32832925ms] [ERROR] WebSocket connection to 'ws://localhost:3000/_next/webpack-hmr?id=nGCvGpKz9qalxFOmrBbaY' failed: Could not connect to the server. @ :0
[32838005ms] [ERROR] WebSocket connection to 'ws://localhost:3000/_next/webpack-hmr?id=nGCvGpKz9qalxFOmrBbaY' failed: Could not connect to the server. @ :0
[32843084ms] [ERROR] WebSocket connection to 'ws://localhost:3000/_next/webpack-hmr?id=nGCvGpKz9qalxFOmrBbaY' failed: Could not connect to the server. @ :0
[32848175ms] [ERROR] WebSocket connection to 'ws://localhost:3000/_next/webpack-hmr?id=nGCvGpKz9qalxFOmrBbaY' failed: Could not connect to the server. @ :0
[32853198ms] [ERROR] WebSocket connection to 'ws://localhost:3000/_next/webpack-hmr?id=nGCvGpKz9qalxFOmrBbaY' failed: Could not connect to the server. @ :0
[32858282ms] [ERROR] WebSocket connection to 'ws://localhost:3000/_next/webpack-hmr?id=nGCvGpKz9qalxFOmrBbaY' failed: Could not connect to the server. @ :0
[32863382ms] [ERROR] WebSocket connection to 'ws://localhost:3000/_next/webpack-hmr?id=nGCvGpKz9qalxFOmrBbaY' failed: Could not connect to the server. @ :0
[32863390ms] [ERROR] Failed to load resource: Could not connect to the server. @ http://localhost:3000/journeys:0
