[    1105ms] [WARNING] You are using the in-browser Babel transformer. Be sure to precompile your scripts for production - https://babeljs.io/docs/setup/ @ blob:http://localhost:3000/847c324a-3248-47d3-b529-096c5420be2d:2
[    1290ms] [INFO] Successfully preconnected to https://fonts.gstatic.com/ @ :0
[    1313ms] [INFO] Successfully preconnected to https://fonts.googleapis.com/ @ :0
[    1555ms] [LOG] [HMR] connected @ http://localhost:3000/_next/static/chunks/node_modules_next_dist_f3530cac._.js:2297
[    2085ms] [LOG] %c[Vercel Web Analytics]%c Debug mode is enabled by default in development. No requests will be sent to the server. color: rgb(120, 120, 120) color: inherit @ http://localhost:3000/_next/static/chunks/node_modules_next_dist_f3530cac._.js:2297
[    2086ms] [LOG] %c[Vercel Web Analytics]%c Running queued event color: rgb(120, 120, 120) color: inherit pageview {route: /journeys, path: /journeys} @ http://localhost:3000/_next/static/chunks/node_modules_next_dist_f3530cac._.js:2297
[    2086ms] [LOG] %c[Vercel Web Analytics]%c [view] http://localhost:3000/journeys color: rgb(120, 120, 120) color: inherit {o: http://localhost:3000/journeys, sv: 0.1.3, sdkn: @vercel/analytics/next, sdkv: 1.6.1, ts: 1776966700551} /_vercel/insights/view @ http://localhost:3000/_next/static/chunks/node_modules_next_dist_f3530cac._.js:2297
[    2100ms] [LOG] %c[Vercel Speed Insights]%c Debug mode is enabled by default in development. No requests will be sent to the server. color: rgb(120, 120, 120) color: inherit @ http://localhost:3000/_next/static/chunks/node_modules_next_dist_f3530cac._.js:2297
[  286679ms] [LOG] [Fast Refresh] rebuilding @ http://localhost:3000/_next/static/chunks/node_modules_next_dist_f3530cac._.js:2297
[  286701ms] [LOG] [Fast Refresh] done in 59ms @ http://localhost:3000/_next/static/chunks/node_modules_next_dist_f3530cac._.js:2297
[31006368ms] [LOG] [Fast Refresh] rebuilding @ http://localhost:3000/_next/static/chunks/node_modules_next_dist_f3530cac._.js:2297
[31006410ms] [LOG] [Fast Refresh] done in 161ms @ http://localhost:3000/_next/static/chunks/node_modules_next_dist_f3530cac._.js:2297
[31384486ms] [LOG] [Fast Refresh] rebuilding @ http://localhost:3000/_next/static/chunks/node_modules_next_dist_f3530cac._.js:2297
[31384499ms] [LOG] [Fast Refresh] done in 115ms @ http://localhost:3000/_next/static/chunks/node_modules_next_dist_f3530cac._.js:2297
[32432257ms] [ERROR] WebSocket connection to 'ws://localhost:3000/_next/webpack-hmr?id=CRZW3OJQMafi_fCfCVx4M' failed: The operation couldn’t be completed. Socket is not connected @ :0
[32433403ms] [ERROR] WebSocket connection to 'ws://localhost:3000/_next/webpack-hmr?id=CRZW3OJQMafi_fCfCVx4M' failed: Could not connect to the server. @ :0
[32434440ms] [ERROR] WebSocket connection to 'ws://localhost:3000/_next/webpack-hmr?id=CRZW3OJQMafi_fCfCVx4M' failed: Could not connect to the server. @ :0
[32435532ms] [ERROR] WebSocket connection to 'ws://localhost:3000/_next/webpack-hmr?id=CRZW3OJQMafi_fCfCVx4M' failed: Could not connect to the server. @ :0
[32436594ms] [ERROR] WebSocket connection to 'ws://localhost:3000/_next/webpack-hmr?id=CRZW3OJQMafi_fCfCVx4M' failed: Could not connect to the server. @ :0
[32437646ms] [ERROR] WebSocket connection to 'ws://localhost:3000/_next/webpack-hmr?id=CRZW3OJQMafi_fCfCVx4M' failed: Could not connect to the server. @ :0
[32442673ms] [ERROR] WebSocket connection to 'ws://localhost:3000/_next/webpack-hmr?id=CRZW3OJQMafi_fCfCVx4M' failed: Could not connect to the server. @ :0
[32447770ms] [ERROR] WebSocket connection to 'ws://localhost:3000/_next/webpack-hmr?id=CRZW3OJQMafi_fCfCVx4M' failed: Could not connect to the server. @ :0
[32452884ms] [ERROR] WebSocket connection to 'ws://localhost:3000/_next/webpack-hmr?id=CRZW3OJQMafi_fCfCVx4M' failed: Could not connect to the server. @ :0
[32457948ms] [ERROR] WebSocket connection to 'ws://localhost:3000/_next/webpack-hmr?id=CRZW3OJQMafi_fCfCVx4M' failed: Could not connect to the server. @ :0
[32463044ms] [ERROR] WebSocket connection to 'ws://localhost:3000/_next/webpack-hmr?id=CRZW3OJQMafi_fCfCVx4M' failed: Could not connect to the server. @ :0
[32468149ms] [ERROR] WebSocket connection to 'ws://localhost:3000/_next/webpack-hmr?id=CRZW3OJQMafi_fCfCVx4M' failed: Could not connect to the server. @ :0
[32473257ms] [ERROR] WebSocket connection to 'ws://localhost:3000/_next/webpack-hmr?id=CRZW3OJQMafi_fCfCVx4M' failed: Could not connect to the server. @ :0
[32473264ms] [ERROR] Failed to load resource: Could not connect to the server. @ http://localhost:3000/journeys:0
